$ git checkout HEAD road-not-taken.txt
$ git checkout -- oven-bird.txt
$ git diff fire-and-ice.txt
$ git status
On branch master
Changes not staged for commit:
  (use "git add <file>..." to update what will be committed)
  (use "git checkout -- <file>..." to discard changes in working directory)

        modified:   oven-bird.txt
        modified:   road-not-taken.txt

no changes added to commit (use "git add" and/or "git commit -a")
$ git log
commit 8a8cf5a34991e23726fab0d5cfa630b6fb069dd6
Author: danasselin <johndoe@example.com>
Date:   Thu Nov 19 11:05:57 2015 -0500

    Start Fire and Ice

commit 7a737817881418fd12225ea3bd415c5ee9214eb8
Author: danasselin <johndoe@example.com>
Date:   Wed Nov 18 17:37:19 2015 -0500

    Add work to Oven Bird

commit 9bfc696d36fe2806f6624df6109e5c07ea$ git diff fire-and-ice.txt
$ git diff fire-and-ice.txt
diff --git a/fire-and-ice.txt b/fire-and-ice.txt
index 7b82cb6..d6c9653 100644
--- a/fire-and-ice.txt
+++ b/fire-and-ice.txt
@@ -7,3 +7,4 @@ I hold with those who favor fire.
 But if it had to perish twice,
 I think I know enough of hate
 To say that for destruction ice
+d
\ No newline at end of file
$ git diff fire-and-ice.txt
$ git add -A
$ git status
On branch master
Changes to be committed:
  (use "git reset HEAD <file>..." to unstage)

        modified:   oven-bird.txt
        modified:   road-not-taken.txt

$ git add fire-and-ice.txt
$ git status
On branch master
Changes to be committed:
  (use "git reset HEAD <file>..." to unstage)

        modified:   oven-bird.txt
        modified:   road-not-taken.txt

$ git road-not-taken.txt oven-bird.txt fire-and-ice.txt
git: 'road-not-taken.txt' is not a git command. See 'git --help'.
$ git road-not-taken.txt oven-bird.txt fire-and-ice.txt
git: 'road-not-taken.txt' is not a git command. See 'git --help'.
$ git add -A
$ git status
On branch master
Changes to be committed:
  (use "git reset HEAD <file>..." to unstage)

        modified:   oven-bird.txt
        modified:   road-not-taken.txt

$ git add fire-and-ice.txt
$ git status
On branch master
Changes to be committed:
  (use "git reset HEAD <file>..." to unstage)

        modified:   oven-bird.txt
        modified:   road-not-taken.txt

$ git reset HEAD fire-and-ice.txt
$ git commit -m 'oven and roads'
[master 32dc5c5] oven and roads
 2 files changed, 4 insertions(+)
$ git add -A
$ git status 
On branch master
Changes to be committed:
  (use "git reset HEAD <file>..." to unstage)

        modified:   fire-and-ice.txt
        modified:   oven-bird.txt
        modified:   road-not-taken.txt

$ git commit -m 'final work done'
[master 0cedd94] final work done
 3 files changed, 8 insertions(+), 1 deletion(-)
$ git log
commit 0cedd94c942a2f9817753132711d9f81c5e6961e
Author: codecademy <ccuser@codecademy.com>
Date:   Wed Feb 2 12:03:52 2022 +0000

    final work done

commit 32dc5c5ddbbfc13d59cee32b7a6360b928dd43a7
Author: codecademy <ccuser@codecademy.com>
Date:   Wed Feb 2 12:02:04 2022 +0000

    oven and roads
$ git reset 32dc5
Unstaged changes after reset:
M       fire-and-ice.txt
M       oven-bird.txt
M       road-not-taken.txt
$ git checkout -- fire-and-ice.txt road-not-taken.txt oven-bird.txt